2026-08-16 00:21:59.567: [INFO] CurrentProfilePath: C:\Users\ronal\Desktop\RPG_Journey\.metadata\.plugins\org.eclipse.swt\EBWebView\Default
2026-08-16 00:21:59.567: [INFO] Profiles total count: 1
2026-08-16 00:21:59.567: [INFO] Profile: name=Perfil 1 path=C:\Users\ronal\Desktop\RPG_Journey\.metadata\.plugins\org.eclipse.swt\EBWebView\Default lastActive=null
2026-08-16 00:21:59.567: [INFO] LastUsedProfileDir: C:\Users\ronal\Desktop\RPG_Journey\.metadata\.plugins\org.eclipse.swt\EBWebView\Default
2026-08-16 00:21:59.567: [INFO] OnDoneLoading sync enabled: 0
2026-08-16 00:21:59.567: [INFO] BookmarkModelLoaded, ids_reassigned: 0
2026-08-16 00:21:59.567: [INFO] BookmarksLoadDropped droppedNodes=0
2026-08-16 00:21:59.567: [INFO] BookmarksSnapshot Startup total=0 bar=0 other=0 mobile=0 showBar=0 showBarNTP=1
2026-08-16 00:22:09.720: [INFO] BookmarksSnapshot Shutdown total=0 bar=0 other=0 mobile=0 showBar=0 showBarNTP=1
2026-08-16 00:22:09.851: [INFO] CurrentProfilePath: C:\Users\ronal\Desktop\RPG_Journey\.metadata\.plugins\org.eclipse.swt\EBWebView\Default
2026-08-16 00:22:09.851: [INFO] Profiles total count: 1
2026-08-16 00:22:09.851: [INFO] Profile: name=Perfil 1 path=C:\Users\ronal\Desktop\RPG_Journey\.metadata\.plugins\org.eclipse.swt\EBWebView\Default lastActive=2026-08-16T00:21:59.867Z
2026-08-16 00:22:09.851: [INFO] LastUsedProfileDir: C:\Users\ronal\Desktop\RPG_Journey\.metadata\.plugins\org.eclipse.swt\EBWebView\Default
2026-08-16 00:22:09.851: [INFO] MostRecentlyActiveProfile: name=Perfil 1 path=C:\Users\ronal\Desktop\RPG_Journey\.metadata\.plugins\org.eclipse.swt\EBWebView\Default lastActive=2026-08-16T00:21:59.867Z
2026-08-16 00:22:09.851: [INFO] OnDoneLoading sync enabled: 0
2026-08-16 00:22:09.851: [INFO] BookmarkModelLoaded, ids_reassigned: 0
2026-08-16 00:22:09.851: [INFO] BookmarksLoadDropped droppedNodes=0
2026-08-16 00:22:09.851: [INFO] BookmarksSnapshot Startup total=0 bar=0 other=0 mobile=0 showBar=0 showBarNTP=1
2026-08-16 00:23:16.617: [INFO] BookmarksSnapshot Shutdown total=0 bar=0 other=0 mobile=0 showBar=0 showBarNTP=1
2026-08-16 00:52:09.707: [INFO] CurrentProfilePath: C:\Users\ronal\Desktop\RPG_Journey\.metadata\.plugins\org.eclipse.swt\EBWebView\Default
2026-08-16 00:52:09.707: [INFO] Profiles total count: 1
2026-08-16 00:52:09.708: [INFO] Profile: name=Perfil 1 path=C:\Users\ronal\Desktop\RPG_Journey\.metadata\.plugins\org.eclipse.swt\EBWebView\Default lastActive=2026-08-16T00:22:11.018Z
2026-08-16 00:52:09.708: [INFO] LastUsedProfileDir: C:\Users\ronal\Desktop\RPG_Journey\.metadata\.plugins\org.eclipse.swt\EBWebView\Default
2026-08-16 00:52:09.708: [INFO] MostRecentlyActiveProfile: name=Perfil 1 path=C:\Users\ronal\Desktop\RPG_Journey\.metadata\.plugins\org.eclipse.swt\EBWebView\Default lastActive=2026-08-16T00:22:11.018Z
2026-08-16 00:52:09.708: [INFO] OnDoneLoading sync enabled: 0
2026-08-16 00:52:09.708: [INFO] BookmarkModelLoaded, ids_reassigned: 0
2026-08-16 00:52:09.708: [INFO] BookmarksLoadDropped droppedNodes=0
2026-08-16 00:52:09.708: [INFO] BookmarksSnapshot Startup total=0 bar=0 other=0 mobile=0 showBar=0 showBarNTP=1
2026-08-16 00:53:35.139: [INFO] BookmarksSnapshot Shutdown total=0 bar=0 other=0 mobile=0 showBar=0 showBarNTP=1
